
> event-ticket-booking@1.0.0 test
> node --experimental-vm-modules node_modules/jest/bin/jest.js --detectOpenHandles --forceExit

  console.log
    [dotenv@17.2.3] injecting env (0) from .env -- tip: Γ£à audit secrets and track compliance: https://dotenvx.com/ops

      at _log (node_modules/dotenv/lib/main.js:142:11)

node.exe : (node:6656) ExperimentalWarning: VM 
Modules is an experimental feature and might 
change at any time
At line:1 char:1
+ & "C:\Program Files\nodejs/node.exe" 
"C:\Program Files\nodejs/node_mo ...
+ ~~~~~~~~~~~~~~~~~~~~~~~~~~~~~~~~~~~~~~~~~~~~~~~~
~~~~~~~~~~~~~~~~~~~~~
    + CategoryInfo          : NotSpecified: ((nod 
   e:6656) Exp...nge at any time:String) [], Rem  
  oteException
    + FullyQualifiedErrorId : NativeCommandError
 
(Use `node --trace-warnings ...` to show where 
the warning was created)
FAIL tests/test.js
  API Integration
    ΓêÜ GET unknown route returns 404 via 
centralized handler (268 ms)
    ├ù Register user then authenticate and 
initialize event (184 ms)
    ├ù Book tickets and waitlist, then get event 
status (254 ms)
    ├ù Cancel ticket promotes next waitlist user 
(72 ms)

  ΓùÅ API Integration ΓÇ║ Register user then 
authenticate and initialize event

    expect(received).toBe(expected) // Object.is 
equality

    Expected: 201
    Received: 500

    [0m [90m 23 |[39m       
[33m.[39mpost([32m'/auth/register'[39m)
     [90m 24 |[39m       [33m.[39msend({ 
userName[33m:[39m [32m'admin'[39m[33m,[39m 
password[33m:[39m [32m'secret'[39m 
})[33m;[39m
    [31m[1m>[22m[39m[90m 25 |[39m     expect
(reg[33m.[39mstatus)[33m.[39mtoBe([35m201[39
m)[33m;[39m
     [90m    |[39m                        
[31m[1m^[22m[39m
     [90m 26 |[39m
     [90m 27 |[39m     [36mconst[39m res 
[33m=[39m [36mawait[39m request(app)
     [90m 28 |[39m       [33m.[39mpost([32m'/
events/initialize'[39m)[0m

      at Object.toBe (tests/test.js:25:24)

  ΓùÅ API Integration ΓÇ║ Book tickets and 
waitlist, then get event status

    expect(received).toBe(expected) // Object.is 
equality

    Expected: 201
    Received: 401

    [0m [90m 41 |[39m       [33m.[39m[36mset
[39m([32m'Authorization'[39m[33m,[39m 
basic([32m'admin'[39m[33m,[39m 
[32m'secret'[39m))
     [90m 42 |[39m       [33m.[39msend({ 
eventId[33m:[39m [35m1[39m[33m,[39m 
fullName[33m:[39m [32m'Alice'[39m 
})[33m;[39m
    [31m[1m>[22m[39m[90m 43 |[39m     expect
(book1[33m.[39mstatus)[33m.[39mtoBe([35m201[
39m)[33m;[39m
     [90m    |[39m                          
[31m[1m^[22m[39m
     [90m 44 |[39m
     [90m 45 |[39m     [36mconst[39m book2 
[33m=[39m [36mawait[39m request(app)
     [90m 46 |[39m       
[33m.[39mpost([32m'/tickets/book'[39m)[0m

      at Object.toBe (tests/test.js:43:26)

  ΓùÅ API Integration ΓÇ║ Cancel ticket promotes 
next waitlist user

    expect(received).toBe(expected) // Object.is 
equality

    Expected: 200
    Received: 401

    [0m [90m 71 |[39m       [33m.[39msend({ 
ticketId[33m:[39m [35m1[39m })[33m;[39m
     [90m 72 |[39m
    [31m[1m>[22m[39m[90m 73 |[39m     expect
(cancel[33m.[39mstatus)[33m.[39mtoBe([35m200
[39m)[33m;[39m
     [90m    |[39m                           
[31m[1m^[22m[39m
     [90m 74 |[39m     expect(cancel[33m.[39mb
ody[33m.[39mmessage)[33m.[39mtoMatch([35m/can
celled/i[39m)[33m;[39m
     [90m 75 |[39m   })[33m;[39m
     [90m 76 |[39m })[33m;[39m[0m

      at Object.toBe (tests/test.js:73:27)

Test Suites: 1 failed, 1 total
Tests:       3 failed, 1 passed, 4 total
Snapshots:   0 total
Time:        5.347 s
Ran all test suites.
